/home/gengjianrui/.conda/envs/mace_env/lib/python3.12/site-packages/torch/cuda/__init__.py:63: FutureWarning: The pynvml package is deprecated. Please install nvidia-ml-py instead. If you did not install pynvml directly, please report this to the maintainers of the package that installed pynvml for you.
  import pynvml  # type: ignore[import]
/home/gengjianrui/.conda/envs/mace_env/lib/python3.12/site-packages/e3nn/o3/_wigner.py:10: UserWarning: Environment variable TORCH_FORCE_NO_WEIGHTS_ONLY_LOAD detected, since the`weights_only` argument was not explicitly passed to `torch.load`, forcing weights_only=False.
  _Jd, _W3j_flat, _W3j_indices = torch.load(os.path.join(os.path.dirname(__file__), 'constants.pt'))
/home/gengjianrui/.conda/envs/mace_env/lib/python3.12/site-packages/mace/calculators/mace.py:226: UserWarning: Environment variable TORCH_FORCE_NO_WEIGHTS_ONLY_LOAD detected, since the`weights_only` argument was not explicitly passed to `torch.load`, forcing weights_only=False.
  torch.load(f=model_path, map_location=device)
Traceback (most recent call last):
  File "/home/gengjianrui/bin/pam-ssw-worktrees/ga-ssw-behavior-parity/research/ga_ssw/evidence/c60-long-budget-20260924/runner.py", line 290, in <module>
    main()
  File "/home/gengjianrui/bin/pam-ssw-worktrees/ga-ssw-behavior-parity/research/ga_ssw/evidence/c60-long-budget-20260924/runner.py", line 284, in main
    state = run_segment(args.run_dir, args.segment_seconds,
            ^^^^^^^^^^^^^^^^^^^^^^^^^^^^^^^^^^^^^^^^^^^^^^^
  File "/home/gengjianrui/bin/pam-ssw-worktrees/ga-ssw-behavior-parity/research/ga_ssw/evidence/c60-long-budget-20260924/runner.py", line 178, in run_segment
    kwargs['mc'] = NativeMCSettings(**plan['native_mc'])
                   ^^^^^^^^^^^^^^^^^^^^^^^^^^^^^^^^^^^^^
TypeError: NativeMCSettings.__init__() got an unexpected keyword argument 'energy_tol_eV'
Traceback (most recent call last):
  File "/home/gengjianrui/bin/pam-ssw-worktrees/ga-ssw-behavior-parity/research/ga_ssw/evidence/c60-long-budget-20260924/preflight-gpu.py", line 13, in <module>
    run('start',1)
  File "/home/gengjianrui/bin/pam-ssw-worktrees/ga-ssw-behavior-parity/research/ga_ssw/evidence/c60-long-budget-20260924/preflight-gpu.py", line 9, in run
    subprocess.run([sys.executable,str(ROOT/'runner.py'),'--run-dir',str(base/name),
  File "/home/gengjianrui/.conda/envs/mace_env/lib/python3.12/subprocess.py", line 571, in run
    raise CalledProcessError(retcode, process.args,
subprocess.CalledProcessError: Command '['/home/gengjianrui/.conda/envs/mace_env/bin/python', '/home/gengjianrui/bin/pam-ssw-worktrees/ga-ssw-behavior-parity/research/ga_ssw/evidence/c60-long-budget-20260924/runner.py', '--run-dir', '/home/gengjianrui/bin/pam-ssw-worktrees/ga-ssw-behavior-parity/research/ga_ssw/evidence/c60-long-budget-20260924/preflight/ssw/start', '--segment-seconds', '600', '--max-attempts', '1', '--execute']' returned non-zero exit status 1.
