.F....                                                                   [100%]
=================================== FAILURES ===================================
_ VCE2EOptimizerPanelTest.test_three_methods_preserve_context_ledger_cost_and_record_backed_fresh _

self = <test_vc_e2e_optimizer_panel.VCE2EOptimizerPanelTest testMethod=test_three_methods_preserve_context_ledger_cost_and_record_backed_fresh>

    def test_three_methods_preserve_context_ledger_cost_and_record_backed_fresh(self):
        methods = ("safe_total", "ase", "scipy")
        original_vc = vc_reference.safe_lbfgs
        original_cell = cell_relax.safe_lbfgs
        with tempfile.TemporaryDirectory() as tmp:
            for method in methods:
                out = Path(tmp) / method
                result = run_arm(self.atoms(), self.calculator, config(),
                    method=method, seed=7, steps=1, request_cap=240,
                    search_seconds=60, output_dir=out,
                    case_name="Cu4-EMT-test")
                self.assertIs(vc_reference.safe_lbfgs, original_vc)
                self.assertIs(cell_relax.safe_lbfgs, original_cell)
                self.assertLessEqual(result["search_requests"], 240)
                with (out / "search-ledger.jsonl").open() as stream:
                    ledger = [json.loads(line) for line in stream if line.strip()]
                starts = [row for row in ledger if row["event"] == "attempt_started"]
                completions = [row for row in ledger if row["event"] in
                               ("attempt_completed", "attempt_error", "budget_censor")]
                self.assertEqual(len(starts), len(completions))
                self.assertEqual(sum(row.get("charged", False) for row in completions),
                                 result["search_requests"])
                search_result = json.loads((out / "search-result.json").read_text())
                self.assertTrue(any(row.get("index") == 0 for row in
                                    search_result["result"]["records"]),
                    "full-path smoke must enter outer attempt 0; initial-only failure is insufficient")
                expected = [("initial", -1)] if search_result["result"]["initial"] is not None else []
                expected += [("landing", row["index"]) for row in search_result["result"]["records"]
                             if isinstance(row, dict) and row.get("landing") is not None]
                fresh = json.loads((out / "fresh-checks.json").read_text())
                self.assertEqual([(row["source"], row["record_index"])
                                  for row in fresh["checks"]], expected)
                self.assertLessEqual(fresh["requests"], 4)
                fresh_ledger = [json.loads(line) for line in
                    (out / "fresh-ledger.jsonl").read_text().splitlines()]
                self.assertEqual(sum(row["event"] == "fresh_started" for row in fresh_ledger),
                                 len(expected))
                self.assertEqual(sum(row["event"] in ("fresh_completed", "fresh_error")
                                     for row in fresh_ledger), len(expected))
>               self.assertEqual(sum(row.get("charged", False) and
                                     row["event"] in ("fresh_completed", "fresh_error")
                                     for row in fresh_ledger), fresh["requests"])
E               TypeError: unsupported operand type(s) for +: 'int' and 'NoneType'

tests/research/test_vc_e2e_optimizer_panel.py:70: TypeError
=============================== warnings summary ===============================
tests/research/test_vc_e2e_optimizer_panel.py::VCE2EOptimizerPanelTest::test_global_cap_is_reported_as_censor_with_paid_cost
  /home/gengjianrui/.conda/envs/mace_env/lib/python3.12/site-packages/torch/cuda/__init__.py:63: FutureWarning: The pynvml package is deprecated. Please install nvidia-ml-py instead. If you did not install pynvml directly, please report this to the maintainers of the package that installed pynvml for you.
    import pynvml  # type: ignore[import]

-- Docs: https://docs.pytest.org/en/stable/how-to/capture-warnings.html
=========================== short test summary info ============================
FAILED tests/research/test_vc_e2e_optimizer_panel.py::VCE2EOptimizerPanelTest::test_three_methods_preserve_context_ledger_cost_and_record_backed_fresh
1 failed, 5 passed, 1 warning in 4.47s
