Using head omat_pbe out of ['omat_pbe']
Default dtype float32 does not match model dtype float64, converting models to float32.
Setting inference mode to: enable_amp = False
[ssw] starting 40 trials...
[ssw] trial 1/40  best=-476.792 eV  minima=2  elapsed=8s
[ssw] trial 2/40  best=-478.785 eV  minima=3  elapsed=15s
[ssw] trial 3/40  best=-481.482 eV  minima=4  elapsed=24s
[ssw] trial 4/40  best=-481.482 eV  minima=5  elapsed=31s
[ssw] trial 5/40  best=-482.085 eV  minima=6  elapsed=39s
[ssw] trial 6/40  best=-482.085 eV  minima=7  elapsed=47s
[ssw] trial 7/40  best=-482.085 eV  minima=8  elapsed=55s
[ssw] trial 8/40  best=-482.296 eV  minima=9  elapsed=63s
[ssw] trial 9/40  best=-482.603 eV  minima=10  elapsed=68s
[ssw] trial 10/40  best=-482.603 eV  minima=11  elapsed=76s
[ssw] trial 11/40  best=-483.499 eV  minima=12  elapsed=83s
[ssw] trial 12/40  best=-485.354 eV  minima=13  elapsed=90s
[ssw] trial 13/40  best=-486.988 eV  minima=14  elapsed=97s
[ssw] trial 14/40  best=-488.072 eV  minima=15  elapsed=102s
[ssw] trial 15/40  best=-488.072 eV  minima=16  elapsed=112s
[ssw] trial 16/40  best=-489.209 eV  minima=17  elapsed=115s
[ssw] trial 17/40  best=-489.371 eV  minima=18  elapsed=121s
[ssw] trial 18/40  best=-489.829 eV  minima=19  elapsed=130s
[ssw] trial 19/40  best=-489.829 eV  minima=19  elapsed=138s
[ssw] trial 20/40  best=-492.394 eV  minima=20  elapsed=146s
[ssw] trial 21/40  best=-492.394 eV  minima=20  elapsed=147s
[ssw] trial 22/40  best=-492.394 eV  minima=21  elapsed=153s
[ssw] trial 23/40  best=-492.394 eV  minima=21  elapsed=161s
[ssw] trial 24/40  best=-492.923 eV  minima=22  elapsed=168s
[ssw] trial 25/40  best=-492.923 eV  minima=22  elapsed=175s
[ssw] trial 26/40  best=-495.743 eV  minima=23  elapsed=183s
[ssw] trial 27/40  best=-496.915 eV  minima=24  elapsed=187s
[ssw] trial 28/40  best=-496.915 eV  minima=24  elapsed=194s
[ssw] trial 29/40  best=-496.915 eV  minima=24  elapsed=196s
[ssw] trial 30/40  best=-497.295 eV  minima=25  elapsed=203s
[ssw] trial 31/40  best=-497.295 eV  minima=26  elapsed=211s
[ssw] trial 32/40  best=-497.477 eV  minima=27  elapsed=218s
[ssw] trial 33/40  best=-497.477 eV  minima=28  elapsed=226s
[ssw] trial 34/40  best=-497.477 eV  minima=29  elapsed=233s
[ssw] trial 35/40  best=-497.477 eV  minima=29  elapsed=241s
[ssw] trial 36/40  best=-497.477 eV  minima=30  elapsed=248s
[ssw] trial 37/40  best=-497.477 eV  minima=30  elapsed=249s
[ssw] trial 38/40  best=-497.477 eV  minima=30  elapsed=256s
[ssw] trial 39/40  best=-497.477 eV  minima=31  elapsed=262s
[ssw] trial 40/40  best=-497.477 eV  minima=31  elapsed=271s
[ssw] done: 40 trials, 31 minima, best=-497.477 eV, elapsed=271s
Using head omat_pbe out of ['omat_pbe']
Default dtype float32 does not match model dtype float64, converting models to float32.
Setting inference mode to: enable_amp = False
[ssw] starting 40 trials...
[ssw] trial 1/40  best=-476.792 eV  minima=2  elapsed=8s
[ssw] trial 2/40  best=-478.785 eV  minima=3  elapsed=15s
[ssw] trial 3/40  best=-481.462 eV  minima=4  elapsed=24s
[ssw] trial 4/40  best=-481.462 eV  minima=5  elapsed=32s
[ssw] trial 5/40  best=-481.595 eV  minima=6  elapsed=41s
[ssw] trial 6/40  best=-483.148 eV  minima=7  elapsed=49s
[ssw] trial 7/40  best=-483.148 eV  minima=7  elapsed=58s
[ssw] trial 8/40  best=-483.148 eV  minima=7  elapsed=68s
[ssw] trial 9/40  best=-483.148 eV  minima=8  elapsed=74s
[ssw] trial 10/40  best=-483.148 eV  minima=9  elapsed=82s
[ssw] trial 11/40  best=-483.148 eV  minima=9  elapsed=90s
[ssw] trial 12/40  best=-486.051 eV  minima=10  elapsed=99s
[ssw] trial 13/40  best=-486.051 eV  minima=11  elapsed=106s
[ssw] trial 14/40  best=-486.051 eV  minima=12  elapsed=113s
[ssw] trial 15/40  best=-486.051 eV  minima=13  elapsed=121s
[ssw] trial 16/40  best=-486.714 eV  minima=14  elapsed=130s
[ssw] trial 17/40  best=-486.714 eV  minima=14  elapsed=137s
[ssw] trial 18/40  best=-486.714 eV  minima=15  elapsed=145s
[ssw] trial 19/40  best=-486.876 eV  minima=16  elapsed=152s
[ssw] trial 20/40  best=-487.418 eV  minima=17  elapsed=160s
[ssw] trial 21/40  best=-491.995 eV  minima=18  elapsed=168s
[ssw] trial 22/40  best=-492.956 eV  minima=19  elapsed=175s
[ssw] trial 23/40  best=-493.583 eV  minima=20  elapsed=183s
[ssw] trial 24/40  best=-493.583 eV  minima=20  elapsed=192s
[ssw] trial 25/40  best=-493.583 eV  minima=21  elapsed=202s
[ssw] trial 26/40  best=-494.445 eV  minima=22  elapsed=211s
[ssw] trial 27/40  best=-494.445 eV  minima=23  elapsed=220s
[ssw] trial 28/40  best=-494.445 eV  minima=23  elapsed=221s
[ssw] trial 29/40  best=-494.445 eV  minima=24  elapsed=232s
[ssw] trial 30/40  best=-494.445 eV  minima=25  elapsed=239s
[ssw] trial 31/40  best=-494.445 eV  minima=25  elapsed=247s
[ssw] trial 32/40  best=-500.459 eV  minima=26  elapsed=255s
[ssw] trial 33/40  best=-500.459 eV  minima=27  elapsed=264s
[ssw] trial 34/40  best=-500.459 eV  minima=28  elapsed=272s
[ssw] trial 35/40  best=-500.459 eV  minima=29  elapsed=280s
[ssw] trial 36/40  best=-500.459 eV  minima=30  elapsed=285s
[ssw] trial 37/40  best=-500.716 eV  minima=31  elapsed=291s
[ssw] trial 38/40  best=-500.716 eV  minima=32  elapsed=300s
[ssw] trial 39/40  best=-501.004 eV  minima=33  elapsed=308s
[ssw] trial 40/40  best=-501.953 eV  minima=34  elapsed=316s
[ssw] done: 40 trials, 34 minima, best=-501.953 eV, elapsed=316s
Using head omat_pbe out of ['omat_pbe']
Default dtype float32 does not match model dtype float64, converting models to float32.
Setting inference mode to: enable_amp = False
[ssw] starting 40 trials...
[ssw] trial 1/40  best=-476.792 eV  minima=2  elapsed=7s
[ssw] trial 2/40  best=-478.785 eV  minima=3  elapsed=15s
[ssw] trial 3/40  best=-481.482 eV  minima=4  elapsed=23s
[ssw] trial 4/40  best=-481.482 eV  minima=5  elapsed=31s
[ssw] trial 5/40  best=-482.085 eV  minima=6  elapsed=39s
[ssw] trial 6/40  best=-482.085 eV  minima=7  elapsed=46s
[ssw] trial 7/40  best=-482.392 eV  minima=8  elapsed=54s
[ssw] trial 8/40  best=-483.227 eV  minima=9  elapsed=62s
[ssw] trial 9/40  best=-485.041 eV  minima=10  elapsed=71s
[ssw] trial 10/40  best=-485.041 eV  minima=10  elapsed=79s
[ssw] trial 11/40  best=-485.041 eV  minima=11  elapsed=86s
[ssw] trial 12/40  best=-485.041 eV  minima=12  elapsed=94s
[ssw] trial 13/40  best=-485.041 eV  minima=12  elapsed=102s
[ssw] trial 14/40  best=-485.041 eV  minima=13  elapsed=110s
[ssw] trial 15/40  best=-485.041 eV  minima=13  elapsed=119s
[ssw] trial 16/40  best=-485.518 eV  minima=14  elapsed=127s
[ssw] trial 17/40  best=-485.518 eV  minima=15  elapsed=134s
[ssw] trial 18/40  best=-487.679 eV  minima=16  elapsed=142s
[ssw] trial 19/40  best=-487.679 eV  minima=17  elapsed=150s
[ssw] trial 20/40  best=-490.412 eV  minima=18  elapsed=158s
[ssw] trial 21/40  best=-490.418 eV  minima=19  elapsed=168s
[ssw] trial 22/40  best=-492.578 eV  minima=20  elapsed=178s
[ssw] trial 23/40  best=-492.578 eV  minima=20  elapsed=188s
[ssw] trial 24/40  best=-492.578 eV  minima=21  elapsed=196s
[ssw] trial 25/40  best=-492.578 eV  minima=21  elapsed=197s
[ssw] trial 26/40  best=-492.798 eV  minima=22  elapsed=205s
[ssw] trial 27/40  best=-492.798 eV  minima=23  elapsed=213s
[ssw] trial 28/40  best=-499.368 eV  minima=24  elapsed=222s
[ssw] trial 29/40  best=-499.545 eV  minima=25  elapsed=229s
[ssw] trial 30/40  best=-499.545 eV  minima=25  elapsed=236s
[ssw] trial 31/40  best=-499.545 eV  minima=25  elapsed=244s
[ssw] trial 32/40  best=-499.545 eV  minima=26  elapsed=252s
[ssw] trial 33/40  best=-499.545 eV  minima=27  elapsed=259s
[ssw] trial 34/40  best=-499.545 eV  minima=28  elapsed=266s
[ssw] trial 35/40  best=-503.038 eV  minima=29  elapsed=273s
[ssw] trial 36/40  best=-503.038 eV  minima=30  elapsed=280s
[ssw] trial 37/40  best=-503.038 eV  minima=30  elapsed=287s
[ssw] trial 38/40  best=-503.038 eV  minima=31  elapsed=296s
[ssw] trial 39/40  best=-503.038 eV  minima=31  elapsed=304s
[ssw] trial 40/40  best=-503.038 eV  minima=32  elapsed=312s
[ssw] done: 40 trials, 32 minima, best=-503.038 eV, elapsed=312s
Using head Default out of ['pt_head', 'Default']
Default dtype float32 does not match model dtype float64, converting models to float32.
Setting inference mode to: enable_amp = False
[ssw] starting 40 trials...
[ssw] trial 1/40  best=-199.647 eV  minima=2  elapsed=8s
[ssw] trial 2/40  best=-199.981 eV  minima=3  elapsed=19s
[ssw] trial 3/40  best=-200.454 eV  minima=4  elapsed=27s
[ssw] trial 4/40  best=-200.454 eV  minima=5  elapsed=35s
[ssw] trial 5/40  best=-200.465 eV  minima=6  elapsed=43s
[ssw] trial 6/40  best=-201.054 eV  minima=7  elapsed=51s
[ssw] trial 7/40  best=-201.054 eV  minima=8  elapsed=59s
[ssw] trial 8/40  best=-201.054 eV  minima=9  elapsed=68s
[ssw] trial 9/40  best=-201.889 eV  minima=10  elapsed=76s
[ssw] trial 10/40  best=-201.889 eV  minima=11  elapsed=85s
[ssw] trial 11/40  best=-202.032 eV  minima=12  elapsed=93s
[ssw] trial 12/40  best=-202.032 eV  minima=13  elapsed=105s
[ssw] trial 13/40  best=-202.163 eV  minima=14  elapsed=113s
[ssw] trial 14/40  best=-202.163 eV  minima=14  elapsed=121s
[ssw] trial 15/40  best=-202.163 eV  minima=15  elapsed=129s
[ssw] trial 16/40  best=-202.163 eV  minima=16  elapsed=138s
[ssw] trial 17/40  best=-202.163 eV  minima=17  elapsed=148s
[ssw] trial 18/40  best=-202.163 eV  minima=18  elapsed=156s
[ssw] trial 19/40  best=-202.163 eV  minima=19  elapsed=165s
[ssw] trial 20/40  best=-202.163 eV  minima=20  elapsed=175s
[ssw] trial 21/40  best=-202.163 eV  minima=21  elapsed=188s
[ssw] trial 22/40  best=-202.163 eV  minima=22  elapsed=197s
[ssw] trial 23/40  best=-202.163 eV  minima=23  elapsed=208s
[ssw] trial 24/40  best=-202.163 eV  minima=24  elapsed=218s
[ssw] trial 25/40  best=-202.163 eV  minima=25  elapsed=228s
[ssw] trial 26/40  best=-202.163 eV  minima=26  elapsed=237s
[ssw] trial 27/40  best=-202.163 eV  minima=27  elapsed=247s
[ssw] trial 28/40  best=-202.163 eV  minima=28  elapsed=256s
[ssw] trial 29/40  best=-202.163 eV  minima=29  elapsed=264s
[ssw] trial 30/40  best=-202.163 eV  minima=30  elapsed=271s
[ssw] trial 31/40  best=-202.163 eV  minima=31  elapsed=280s
[ssw] trial 32/40  best=-202.163 eV  minima=32  elapsed=288s
[ssw] trial 33/40  best=-202.163 eV  minima=33  elapsed=296s
[ssw] trial 34/40  best=-202.163 eV  minima=34  elapsed=305s
[ssw] trial 35/40  best=-202.163 eV  minima=35  elapsed=313s
[ssw] trial 36/40  best=-202.163 eV  minima=36  elapsed=321s
[ssw] trial 37/40  best=-202.163 eV  minima=37  elapsed=330s
[ssw] trial 38/40  best=-202.163 eV  minima=38  elapsed=338s
[ssw] trial 39/40  best=-202.163 eV  minima=39  elapsed=346s
[ssw] trial 40/40  best=-202.163 eV  minima=40  elapsed=354s
[ssw] done: 40 trials, 40 minima, best=-202.163 eV, elapsed=354s
Using head Default out of ['pt_head', 'Default']
Default dtype float32 does not match model dtype float64, converting models to float32.
Setting inference mode to: enable_amp = False
[ssw] starting 40 trials...
[ssw] trial 1/40  best=-199.829 eV  minima=2  elapsed=8s
[ssw] trial 2/40  best=-201.043 eV  minima=3  elapsed=17s
[ssw] trial 3/40  best=-201.043 eV  minima=4  elapsed=27s
[ssw] trial 4/40  best=-201.043 eV  minima=5  elapsed=38s
[ssw] trial 5/40  best=-201.847 eV  minima=6  elapsed=49s
[ssw] trial 6/40  best=-201.847 eV  minima=7  elapsed=59s
[ssw] trial 7/40  best=-201.847 eV  minima=7  elapsed=68s
[ssw] trial 8/40  best=-201.848 eV  minima=8  elapsed=77s
[ssw] trial 9/40  best=-201.848 eV  minima=9  elapsed=88s
[ssw] trial 10/40  best=-201.848 eV  minima=10  elapsed=97s
[ssw] trial 11/40  best=-201.848 eV  minima=11  elapsed=108s
[ssw] trial 12/40  best=-201.848 eV  minima=12  elapsed=117s
[ssw] trial 13/40  best=-201.848 eV  minima=13  elapsed=127s
[ssw] trial 14/40  best=-201.848 eV  minima=14  elapsed=140s
[ssw] trial 15/40  best=-201.848 eV  minima=15  elapsed=150s
[ssw] trial 16/40  best=-201.848 eV  minima=16  elapsed=160s
[ssw] trial 17/40  best=-201.848 eV  minima=17  elapsed=170s
[ssw] trial 18/40  best=-201.848 eV  minima=18  elapsed=180s
[ssw] trial 19/40  best=-201.848 eV  minima=19  elapsed=190s
[ssw] trial 20/40  best=-201.848 eV  minima=20  elapsed=200s
[ssw] trial 21/40  best=-201.848 eV  minima=21  elapsed=211s
[ssw] trial 22/40  best=-201.848 eV  minima=22  elapsed=220s
[ssw] trial 23/40  best=-201.848 eV  minima=23  elapsed=229s
[ssw] trial 24/40  best=-201.848 eV  minima=24  elapsed=237s
[ssw] trial 25/40  best=-201.848 eV  minima=25  elapsed=246s
[ssw] trial 26/40  best=-202.028 eV  minima=26  elapsed=255s
[ssw] trial 27/40  best=-202.028 eV  minima=26  elapsed=262s
[ssw] trial 28/40  best=-202.028 eV  minima=27  elapsed=270s
[ssw] trial 29/40  best=-202.028 eV  minima=28  elapsed=281s
[ssw] trial 30/40  best=-202.028 eV  minima=29  elapsed=289s
[ssw] trial 31/40  best=-202.028 eV  minima=30  elapsed=297s
[ssw] trial 32/40  best=-202.028 eV  minima=31  elapsed=305s
[ssw] trial 33/40  best=-202.028 eV  minima=32  elapsed=314s
[ssw] trial 34/40  best=-202.028 eV  minima=33  elapsed=322s
[ssw] trial 35/40  best=-202.028 eV  minima=34  elapsed=330s
[ssw] trial 36/40  best=-202.028 eV  minima=35  elapsed=338s
[ssw] trial 37/40  best=-202.028 eV  minima=36  elapsed=347s
[ssw] trial 38/40  best=-202.028 eV  minima=37  elapsed=355s
[ssw] trial 39/40  best=-202.028 eV  minima=38  elapsed=364s
[ssw] trial 40/40  best=-202.028 eV  minima=39  elapsed=372s
[ssw] done: 40 trials, 39 minima, best=-202.028 eV, elapsed=372s
Using head Default out of ['pt_head', 'Default']
Default dtype float32 does not match model dtype float64, converting models to float32.
Setting inference mode to: enable_amp = False
[ssw] starting 40 trials...
[ssw] trial 1/40  best=-200.497 eV  minima=2  elapsed=10s
[ssw] trial 2/40  best=-200.924 eV  minima=3  elapsed=20s
[ssw] trial 3/40  best=-200.924 eV  minima=3  elapsed=28s
[ssw] trial 4/40  best=-200.924 eV  minima=4  elapsed=35s
[ssw] trial 5/40  best=-200.924 eV  minima=5  elapsed=42s
[ssw] trial 6/40  best=-200.924 eV  minima=6  elapsed=50s
[ssw] trial 7/40  best=-200.924 eV  minima=7  elapsed=58s
[ssw] trial 8/40  best=-200.924 eV  minima=8  elapsed=67s
[ssw] trial 9/40  best=-200.924 eV  minima=9  elapsed=76s
[ssw] trial 10/40  best=-200.924 eV  minima=10  elapsed=84s
[ssw] trial 11/40  best=-200.948 eV  minima=11  elapsed=93s
[ssw] trial 12/40  best=-201.042 eV  minima=12  elapsed=102s
[ssw] trial 13/40  best=-201.042 eV  minima=13  elapsed=113s
[ssw] trial 14/40  best=-201.143 eV  minima=14  elapsed=123s
[ssw] trial 15/40  best=-201.143 eV  minima=15  elapsed=132s
[ssw] trial 16/40  best=-201.143 eV  minima=16  elapsed=142s
[ssw] trial 17/40  best=-201.143 eV  minima=17  elapsed=149s
[ssw] trial 18/40  best=-201.143 eV  minima=18  elapsed=158s
[ssw] trial 19/40  best=-201.143 eV  minima=19  elapsed=166s
[ssw] trial 20/40  best=-201.143 eV  minima=20  elapsed=176s
[ssw] trial 21/40  best=-201.143 eV  minima=20  elapsed=184s
[ssw] trial 22/40  best=-201.236 eV  minima=21  elapsed=194s
[ssw] trial 23/40  best=-201.236 eV  minima=22  elapsed=203s
[ssw] trial 24/40  best=-201.236 eV  minima=23  elapsed=212s
[ssw] trial 25/40  best=-201.236 eV  minima=24  elapsed=221s
[ssw] trial 26/40  best=-201.236 eV  minima=25  elapsed=229s
[ssw] trial 27/40  best=-201.236 eV  minima=26  elapsed=237s
[ssw] trial 28/40  best=-201.236 eV  minima=27  elapsed=246s
[ssw] trial 29/40  best=-201.372 eV  minima=28  elapsed=255s
[ssw] trial 30/40  best=-201.372 eV  minima=28  elapsed=263s
[ssw] trial 31/40  best=-201.372 eV  minima=29  elapsed=272s
[ssw] trial 32/40  best=-201.372 eV  minima=30  elapsed=281s
[ssw] trial 33/40  best=-201.372 eV  minima=31  elapsed=289s
[ssw] trial 34/40  best=-201.372 eV  minima=32  elapsed=298s
[ssw] trial 35/40  best=-201.372 eV  minima=33  elapsed=307s
[ssw] trial 36/40  best=-201.372 eV  minima=34  elapsed=316s
[ssw] trial 37/40  best=-201.391 eV  minima=35  elapsed=325s
[ssw] trial 38/40  best=-201.391 eV  minima=36  elapsed=335s
[ssw] trial 39/40  best=-201.391 eV  minima=37  elapsed=343s
[ssw] trial 40/40  best=-201.391 eV  minima=38  elapsed=351s
[ssw] done: 40 trials, 38 minima, best=-201.391 eV, elapsed=351s
Using head omat_pbe out of ['omat_pbe']
Default dtype float32 does not match model dtype float64, converting models to float32.
Setting inference mode to: enable_amp = False
[ssw] starting 40 trials...
[ssw] trial 1/40  best=-570.416 eV  minima=2  elapsed=10s
[ssw] trial 2/40  best=-570.811 eV  minima=3  elapsed=19s
[ssw] trial 3/40  best=-570.903 eV  minima=4  elapsed=25s
[ssw] trial 4/40  best=-571.798 eV  minima=5  elapsed=33s
[ssw] trial 5/40  best=-571.798 eV  minima=6  elapsed=41s
[ssw] trial 6/40  best=-571.905 eV  minima=7  elapsed=50s
[ssw] trial 7/40  best=-571.905 eV  minima=8  elapsed=58s
[ssw] trial 8/40  best=-572.640 eV  minima=9  elapsed=67s
[ssw] trial 9/40  best=-572.845 eV  minima=10  elapsed=76s
[ssw] trial 10/40  best=-573.211 eV  minima=11  elapsed=86s
[ssw] trial 11/40  best=-573.301 eV  minima=12  elapsed=94s
[ssw] trial 12/40  best=-573.301 eV  minima=13  elapsed=104s
[ssw] trial 13/40  best=-573.301 eV  minima=14  elapsed=112s
[ssw] trial 14/40  best=-573.301 eV  minima=15  elapsed=121s
[ssw] trial 15/40  best=-573.965 eV  minima=16  elapsed=130s
[ssw] trial 16/40  best=-573.965 eV  minima=16  elapsed=138s
[ssw] trial 17/40  best=-573.967 eV  minima=17  elapsed=146s
[ssw] trial 18/40  best=-574.625 eV  minima=18  elapsed=155s
[ssw] trial 19/40  best=-574.625 eV  minima=19  elapsed=163s
[ssw] trial 20/40  best=-574.625 eV  minima=20  elapsed=170s
[ssw] trial 21/40  best=-574.625 eV  minima=20  elapsed=171s
[ssw] trial 22/40  best=-574.625 eV  minima=21  elapsed=179s
[ssw] trial 23/40  best=-574.627 eV  minima=22  elapsed=188s
[ssw] trial 24/40  best=-574.627 eV  minima=22  elapsed=197s
[ssw] trial 25/40  best=-574.754 eV  minima=23  elapsed=205s
[ssw] trial 26/40  best=-574.811 eV  minima=24  elapsed=213s
[ssw] trial 27/40  best=-574.813 eV  minima=25  elapsed=222s
[ssw] trial 28/40  best=-574.832 eV  minima=26  elapsed=230s
[ssw] trial 29/40  best=-574.832 eV  minima=27  elapsed=238s
[ssw] trial 30/40  best=-574.851 eV  minima=28  elapsed=247s
[ssw] trial 31/40  best=-574.851 eV  minima=29  elapsed=256s
[ssw] trial 32/40  best=-574.851 eV  minima=30  elapsed=264s
[ssw] trial 33/40  best=-574.851 eV  minima=31  elapsed=272s
[ssw] trial 34/40  best=-574.851 eV  minima=32  elapsed=281s
[ssw] trial 35/40  best=-574.851 eV  minima=33  elapsed=290s
[ssw] trial 36/40  best=-574.851 eV  minima=34  elapsed=299s
[ssw] trial 37/40  best=-574.851 eV  minima=35  elapsed=308s
[ssw] trial 38/40  best=-574.851 eV  minima=36  elapsed=317s
[ssw] trial 39/40  best=-574.851 eV  minima=36  elapsed=317s
[ssw] trial 40/40  best=-574.851 eV  minima=36  elapsed=326s
[ssw] done: 40 trials, 36 minima, best=-574.851 eV, elapsed=326s
Using head omat_pbe out of ['omat_pbe']
Default dtype float32 does not match model dtype float64, converting models to float32.
Setting inference mode to: enable_amp = False
[ssw] starting 40 trials...
[ssw] trial 1/40  best=-568.599 eV  minima=2  elapsed=8s
[ssw] trial 2/40  best=-570.258 eV  minima=3  elapsed=17s
[ssw] trial 3/40  best=-570.258 eV  minima=4  elapsed=25s
[ssw] trial 4/40  best=-571.003 eV  minima=5  elapsed=34s
[ssw] trial 5/40  best=-571.429 eV  minima=6  elapsed=43s
[ssw] trial 6/40  best=-571.429 eV  minima=7  elapsed=52s
[ssw] trial 7/40  best=-571.429 eV  minima=8  elapsed=61s
[ssw] trial 8/40  best=-571.929 eV  minima=9  elapsed=70s
[ssw] trial 9/40  best=-572.457 eV  minima=10  elapsed=78s
[ssw] trial 10/40  best=-572.457 eV  minima=11  elapsed=87s
[ssw] trial 11/40  best=-573.097 eV  minima=12  elapsed=95s
[ssw] trial 12/40  best=-573.097 eV  minima=13  elapsed=104s
[ssw] trial 13/40  best=-573.097 eV  minima=14  elapsed=112s
[ssw] trial 14/40  best=-573.097 eV  minima=15  elapsed=121s
[ssw] trial 15/40  best=-573.097 eV  minima=16  elapsed=130s
[ssw] trial 16/40  best=-573.097 eV  minima=16  elapsed=130s
[ssw] trial 17/40  best=-573.097 eV  minima=17  elapsed=138s
[ssw] trial 18/40  best=-573.099 eV  minima=18  elapsed=147s
[ssw] trial 19/40  best=-573.099 eV  minima=19  elapsed=155s
[ssw] trial 20/40  best=-573.099 eV  minima=20  elapsed=164s
[ssw] trial 21/40  best=-573.099 eV  minima=21  elapsed=172s
[ssw] trial 22/40  best=-573.099 eV  minima=22  elapsed=181s
[ssw] trial 23/40  best=-573.099 eV  minima=23  elapsed=190s
[ssw] trial 24/40  best=-573.099 eV  minima=24  elapsed=198s
[ssw] trial 25/40  best=-573.099 eV  minima=25  elapsed=207s
[ssw] trial 26/40  best=-573.099 eV  minima=25  elapsed=216s
[ssw] trial 27/40  best=-573.099 eV  minima=26  elapsed=224s
[ssw] trial 28/40  best=-573.099 eV  minima=27  elapsed=234s
[ssw] trial 29/40  best=-573.099 eV  minima=28  elapsed=242s
[ssw] trial 30/40  best=-573.099 eV  minima=29  elapsed=250s
[ssw] trial 31/40  best=-573.099 eV  minima=30  elapsed=259s
[ssw] trial 32/40  best=-573.099 eV  minima=31  elapsed=267s
[ssw] trial 33/40  best=-573.099 eV  minima=32  elapsed=275s
[ssw] trial 34/40  best=-573.099 eV  minima=33  elapsed=284s
[ssw] trial 35/40  best=-573.099 eV  minima=33  elapsed=293s
[ssw] trial 36/40  best=-573.099 eV  minima=34  elapsed=301s
[ssw] trial 37/40  best=-573.099 eV  minima=35  elapsed=310s
[ssw] trial 38/40  best=-573.099 eV  minima=35  elapsed=319s
[ssw] trial 39/40  best=-573.100 eV  minima=36  elapsed=329s
[ssw] trial 40/40  best=-573.100 eV  minima=36  elapsed=337s
[ssw] done: 40 trials, 36 minima, best=-573.100 eV, elapsed=337s
Using head omat_pbe out of ['omat_pbe']
Default dtype float32 does not match model dtype float64, converting models to float32.
Setting inference mode to: enable_amp = False
[ssw] starting 40 trials...
[ssw] trial 1/40  best=-569.558 eV  minima=2  elapsed=10s
[ssw] trial 2/40  best=-570.434 eV  minima=3  elapsed=18s
[ssw] trial 3/40  best=-570.696 eV  minima=4  elapsed=26s
[ssw] trial 4/40  best=-572.027 eV  minima=5  elapsed=36s
[ssw] trial 5/40  best=-572.027 eV  minima=6  elapsed=44s
[ssw] trial 6/40  best=-572.027 eV  minima=7  elapsed=52s
[ssw] trial 7/40  best=-572.151 eV  minima=8  elapsed=61s
[ssw] trial 8/40  best=-572.740 eV  minima=9  elapsed=70s
[ssw] trial 9/40  best=-572.740 eV  minima=9  elapsed=79s
[ssw] trial 10/40  best=-572.740 eV  minima=10  elapsed=81s
[ssw] trial 11/40  best=-572.740 eV  minima=11  elapsed=90s
[ssw] trial 12/40  best=-572.740 eV  minima=12  elapsed=99s
[ssw] trial 13/40  best=-572.740 eV  minima=13  elapsed=109s
[ssw] trial 14/40  best=-572.764 eV  minima=14  elapsed=117s
[ssw] trial 15/40  best=-572.842 eV  minima=15  elapsed=125s
[ssw] trial 16/40  best=-572.842 eV  minima=16  elapsed=134s
[ssw] trial 17/40  best=-572.842 eV  minima=16  elapsed=135s
[ssw] trial 18/40  best=-572.842 eV  minima=17  elapsed=144s
[ssw] trial 19/40  best=-572.842 eV  minima=18  elapsed=152s
[ssw] trial 20/40  best=-572.842 eV  minima=19  elapsed=161s
[ssw] trial 21/40  best=-572.842 eV  minima=20  elapsed=169s
[ssw] trial 22/40  best=-572.842 eV  minima=21  elapsed=177s
[ssw] trial 23/40  best=-572.842 eV  minima=22  elapsed=186s
[ssw] trial 24/40  best=-572.842 eV  minima=23  elapsed=195s
[ssw] trial 25/40  best=-572.842 eV  minima=24  elapsed=204s
[ssw] trial 26/40  best=-572.842 eV  minima=25  elapsed=212s
[ssw] trial 27/40  best=-572.842 eV  minima=26  elapsed=220s
[ssw] trial 28/40  best=-572.842 eV  minima=27  elapsed=229s
[ssw] trial 29/40  best=-572.845 eV  minima=28  elapsed=238s
[ssw] trial 30/40  best=-572.845 eV  minima=28  elapsed=246s
[ssw] trial 31/40  best=-572.845 eV  minima=29  elapsed=255s
[ssw] trial 32/40  best=-572.845 eV  minima=30  elapsed=263s
[ssw] trial 33/40  best=-572.845 eV  minima=31  elapsed=271s
[ssw] trial 34/40  best=-572.845 eV  minima=32  elapsed=280s
[ssw] trial 35/40  best=-572.845 eV  minima=33  elapsed=289s
[ssw] trial 36/40  best=-572.845 eV  minima=34  elapsed=298s
[ssw] trial 37/40  best=-572.845 eV  minima=35  elapsed=302s
[ssw] trial 38/40  best=-573.312 eV  minima=36  elapsed=312s
[ssw] trial 39/40  best=-573.511 eV  minima=37  elapsed=320s
[ssw] trial 40/40  best=-573.511 eV  minima=38  elapsed=328s
[ssw] done: 40 trials, 38 minima, best=-573.511 eV, elapsed=328s
