.........                                                                [100%]
9 passed in 0.38s
/home/gengjianrui/bin/pam-ssw-worktrees/c60-local-defect-qualification/research/ga_ssw/evidence/ptsd-primary-2018-20260926/check_geometry.py:28: DeprecationWarning: `scipy.special.sph_harm` is deprecated as of SciPy 1.15.0 and will be removed in SciPy 1.17.0. Please use `scipy.special.sph_harm_y` instead.
  moments = [np.sum(radial * sph_harm(m, degree, theta, polar))
{
  "scope": "implementation check on physical geometries; no PES or search-efficacy evidence",
  "pes_calls": 0,
  "seed": 26092642,
  "finite_difference_A": 1e-05,
  "rows": [
    {
      "case": "c60_defect",
      "source": "/home/gengjianrui/bin/pam-ssw-worktrees/ga-ssw-behavior-parity/research/ga_ssw/evidence/mh1-native-ls-equal-budget-20260920/c60_17093-first-native_ls/result.json",
      "center": 0,
      "species": 6,
      "degree": 2,
      "exponent": -1,
      "cutoff_A": 6.48507,
      "guard_A": 1e-05,
      "image_neighbors": 47,
      "nonzero_images": 0,
      "self_images": 0,
      "value": 0.22871408317597494,
      "direct_value": 0.22871408317597489,
      "analytic_directional_derivative": -0.04693892207582756,
      "finite_difference": -0.0469389221421923,
      "gradient_error": 6.636474009225068e-11,
      "translation_residual": 4.230992405821056e-17,
      "passed": true
    },
    {
      "case": "c60_defect",
      "source": "/home/gengjianrui/bin/pam-ssw-worktrees/ga-ssw-behavior-parity/research/ga_ssw/evidence/mh1-native-ls-equal-budget-20260920/c60_17093-first-native_ls/result.json",
      "center": 0,
      "species": 6,
      "degree": 4,
      "exponent": -1,
      "cutoff_A": 6.48507,
      "guard_A": 1e-05,
      "image_neighbors": 47,
      "nonzero_images": 0,
      "self_images": 0,
      "value": 0.32106536495982824,
      "direct_value": 0.3210653649598281,
      "analytic_directional_derivative": 0.022169910144044305,
      "finite_difference": 0.02216991017434111,
      "gradient_error": 3.0296803260609906e-11,
      "translation_residual": 6.109707718620608e-17,
      "passed": true
    },
    {
      "case": "rutile12",
      "source": "/home/gengjianrui/bin/pam-ssw-worktrees/ga-ssw-behavior-parity/research/ga_ssw/evidence/tio2-fixed-ritz-staged-holdout-20260912/rutile-seed11-fixed_ritz_a100/result.json",
      "center": 0,
      "species": 8,
      "degree": 2,
      "exponent": -1,
      "cutoff_A": 6.48507,
      "guard_A": 1e-05,
      "image_neighbors": 96,
      "nonzero_images": 85,
      "self_images": 8,
      "value": 0.10206018796094055,
      "direct_value": 0.10206018796093773,
      "analytic_directional_derivative": 0.011049797632559193,
      "finite_difference": 0.011049797627588063,
      "gradient_error": 4.971129410891173e-12,
      "translation_residual": 1.8214596497756474e-17,
      "passed": true
    },
    {
      "case": "rutile12",
      "source": "/home/gengjianrui/bin/pam-ssw-worktrees/ga-ssw-behavior-parity/research/ga_ssw/evidence/tio2-fixed-ritz-staged-holdout-20260912/rutile-seed11-fixed_ritz_a100/result.json",
      "center": 0,
      "species": 8,
      "degree": 4,
      "exponent": -1,
      "cutoff_A": 6.48507,
      "guard_A": 1e-05,
      "image_neighbors": 96,
      "nonzero_images": 85,
      "self_images": 8,
      "value": 0.14164377860607089,
      "direct_value": 0.14164377860607305,
      "analytic_directional_derivative": 0.00023984023571488235,
      "finite_difference": 0.0002398402337844274,
      "gradient_error": 1.9304549549615385e-12,
      "translation_residual": 3.1031676915590914e-17,
      "passed": true
    },
    {
      "case": "rutile12",
      "source": "/home/gengjianrui/bin/pam-ssw-worktrees/ga-ssw-behavior-parity/research/ga_ssw/evidence/tio2-fixed-ritz-staged-holdout-20260912/rutile-seed11-fixed_ritz_a100/result.json",
      "center": 8,
      "species": 22,
      "degree": 2,
      "exponent": -1,
      "cutoff_A": 6.48507,
      "guard_A": 1e-05,
      "image_neighbors": 100,
      "nonzero_images": 89,
      "self_images": 8,
      "value": 0.04879175287706623,
      "direct_value": 0.04879175287706605,
      "analytic_directional_derivative": -0.03969624977547946,
      "finite_difference": -0.03969624977652464,
      "gradient_error": 1.0451778331699302e-12,
      "translation_residual": 3.0258101472656614e-17,
      "passed": true
    },
    {
      "case": "rutile12",
      "source": "/home/gengjianrui/bin/pam-ssw-worktrees/ga-ssw-behavior-parity/research/ga_ssw/evidence/tio2-fixed-ritz-staged-holdout-20260912/rutile-seed11-fixed_ritz_a100/result.json",
      "center": 8,
      "species": 22,
      "degree": 4,
      "exponent": -1,
      "cutoff_A": 6.48507,
      "guard_A": 1e-05,
      "image_neighbors": 100,
      "nonzero_images": 89,
      "self_images": 8,
      "value": 0.3945424603702025,
      "direct_value": 0.39454246037020163,
      "analytic_directional_derivative": -0.0362053043725074,
      "finite_difference": -0.036205304365655167,
      "gradient_error": 6.852234057941331e-12,
      "translation_residual": 2.0342609614979277e-17,
      "passed": true
    }
  ],
  "passed": true
}
