F                                                                        [100%]
=================================== FAILURES ===================================
________ test_paper_ls_callback_pauses_after_complete_step_and_resumes _________

tmp_path = PosixPath('/tmp/pytest-of-gengjianrui/pytest-0/test_paper_ls_callback_pauses_0')

    def test_paper_ls_callback_pauses_after_complete_step_and_resumes(tmp_path):
        atoms, config, ls = _case()
        full_rng = np.random.default_rng(19)
        full = run_ssw(atoms, ASESurface(EMT()), steps=2, config=config, rng=full_rng, ls=ls)
        path = tmp_path / 'pause.pkl'
        seen = []
        first_rng = np.random.default_rng(19)
        first_surface = ASESurface(EMT())
    
        def pause(checkpoint):
            seen.append((checkpoint.next_index, checkpoint.status,
                         checkpoint.response.steps, checkpoint.evaluation_requests))
            save_ssw_checkpoint(path, checkpoint)
            checkpoint.current.positions[:] = 1000.0
            checkpoint.response.steps = 1000
            checkpoint.records[0].last_atoms.positions[:] = 1000.0
            return True
    
>       first = run_ls_ssw(atoms, first_surface, steps=2, config=config,
                           rng=first_rng, ls=ls, checkpoint_callback=pause)
E       TypeError: run_ls_ssw() got an unexpected keyword argument 'checkpoint_callback'

tests/standalone/test_ssw_boundary_pause.py:32: TypeError
=========================== short test summary info ============================
FAILED tests/standalone/test_ssw_boundary_pause.py::test_paper_ls_callback_pauses_after_complete_step_and_resumes
1 failed in 0.51s
